2026-09-27 17:49:38    WARNING Parameter '('devices', 'display', 'extra-tabs')' has not been registered, purging.
2026-09-27 17:49:38    WARNING Parameter '('devices', 'display', 'vjoy-tabs')' has not been registered, purging.
2026-09-27 17:49:38    WARNING Parameter '('global', 'internal', 'action-pane-width')' has not been registered, purging.
2026-09-27 17:49:38    WARNING Parameter '('global', 'internal', 'button-map-menu-height')' has not been registered, purging.
2026-09-27 17:49:38    WARNING Parameter '('global', 'internal', 'button-map-menu-width')' has not been registered, purging.
2026-09-27 17:49:38    WARNING Parameter '('global', 'internal', 'close-pane-after-ok')' has not been registered, purging.
2026-09-27 17:49:38    WARNING Parameter '('global', 'internal', 'display-panels')' has not been registered, purging.
2026-09-27 17:49:38    WARNING Parameter '('global', 'internal', 'tool-windows')' has not been registered, purging.
2026-09-27 17:49:38    WARNING Parameter '('global', 'internal', 'window-height')' has not been registered, purging.
2026-09-27 17:49:38    WARNING Parameter '('global', 'internal', 'window-maximized')' has not been registered, purging.
2026-09-27 17:49:38    WARNING Parameter '('global', 'internal', 'window-width')' has not been registered, purging.
2026-09-27 17:49:38    WARNING Parameter '('global', 'internal', 'window-x')' has not been registered, purging.
2026-09-27 17:49:38    WARNING Parameter '('global', 'internal', 'window-y')' has not been registered, purging.
2026-09-27 18:13:22    WARNING Parameter '('devices', 'display', 'extra-tabs')' has not been registered, purging.
2026-09-27 18:13:22    WARNING Parameter '('devices', 'display', 'vjoy-tabs')' has not been registered, purging.
2026-09-27 18:13:22    WARNING Parameter '('global', 'internal', 'action-pane-width')' has not been registered, purging.
2026-09-27 18:13:22    WARNING Parameter '('global', 'internal', 'button-map-menu-height')' has not been registered, purging.
2026-09-27 18:13:22    WARNING Parameter '('global', 'internal', 'button-map-menu-width')' has not been registered, purging.
2026-09-27 18:13:22    WARNING Parameter '('global', 'internal', 'close-pane-after-ok')' has not been registered, purging.
2026-09-27 18:13:22    WARNING Parameter '('global', 'internal', 'display-panels')' has not been registered, purging.
2026-09-27 18:13:22    WARNING Parameter '('global', 'internal', 'tool-windows')' has not been registered, purging.
2026-09-27 18:13:22    WARNING Parameter '('global', 'internal', 'window-height')' has not been registered, purging.
2026-09-27 18:13:22    WARNING Parameter '('global', 'internal', 'window-maximized')' has not been registered, purging.
2026-09-27 18:13:22    WARNING Parameter '('global', 'internal', 'window-width')' has not been registered, purging.
2026-09-27 18:13:22    WARNING Parameter '('global', 'internal', 'window-x')' has not been registered, purging.
2026-09-27 18:13:22    WARNING Parameter '('global', 'internal', 'window-y')' has not been registered, purging.
2026-09-27 18:54:38    WARNING Parameter '('devices', 'display', 'extra-tabs')' has not been registered, purging.
2026-09-27 18:54:38    WARNING Parameter '('devices', 'display', 'vjoy-tabs')' has not been registered, purging.
2026-09-27 18:54:38    WARNING Parameter '('global', 'internal', 'action-pane-width')' has not been registered, purging.
2026-09-27 18:54:38    WARNING Parameter '('global', 'internal', 'button-map-menu-height')' has not been registered, purging.
2026-09-27 18:54:38    WARNING Parameter '('global', 'internal', 'button-map-menu-width')' has not been registered, purging.
2026-09-27 18:54:38    WARNING Parameter '('global', 'internal', 'close-pane-after-ok')' has not been registered, purging.
2026-09-27 18:54:38    WARNING Parameter '('global', 'internal', 'display-panels')' has not been registered, purging.
2026-09-27 18:54:38    WARNING Parameter '('global', 'internal', 'tool-windows')' has not been registered, purging.
2026-09-27 18:54:38    WARNING Parameter '('global', 'internal', 'window-height')' has not been registered, purging.
2026-09-27 18:54:38    WARNING Parameter '('global', 'internal', 'window-maximized')' has not been registered, purging.
2026-09-27 18:54:38    WARNING Parameter '('global', 'internal', 'window-width')' has not been registered, purging.
2026-09-27 18:54:38    WARNING Parameter '('global', 'internal', 'window-x')' has not been registered, purging.
2026-09-27 18:54:38    WARNING Parameter '('global', 'internal', 'window-y')' has not been registered, purging.
2026-09-27 19:12:36    WARNING Parameter '('devices', 'display', 'extra-tabs')' has not been registered, purging.
2026-09-27 19:12:36    WARNING Parameter '('devices', 'display', 'vjoy-tabs')' has not been registered, purging.
2026-09-27 19:12:36    WARNING Parameter '('global', 'internal', 'action-pane-width')' has not been registered, purging.
2026-09-27 19:12:36    WARNING Parameter '('global', 'internal', 'button-map-menu-height')' has not been registered, purging.
2026-09-27 19:12:36    WARNING Parameter '('global', 'internal', 'button-map-menu-width')' has not been registered, purging.
2026-09-27 19:12:36    WARNING Parameter '('global', 'internal', 'close-pane-after-ok')' has not been registered, purging.
2026-09-27 19:12:36    WARNING Parameter '('global', 'internal', 'display-panels')' has not been registered, purging.
2026-09-27 19:12:36    WARNING Parameter '('global', 'internal', 'tool-windows')' has not been registered, purging.
2026-09-27 19:12:36    WARNING Parameter '('global', 'internal', 'window-height')' has not been registered, purging.
2026-09-27 19:12:36    WARNING Parameter '('global', 'internal', 'window-maximized')' has not been registered, purging.
2026-09-27 19:12:36    WARNING Parameter '('global', 'internal', 'window-width')' has not been registered, purging.
2026-09-27 19:12:36    WARNING Parameter '('global', 'internal', 'window-x')' has not been registered, purging.
2026-09-27 19:12:36    WARNING Parameter '('global', 'internal', 'window-y')' has not been registered, purging.
